// Jest Snapshot v1, https://goo.gl/fbAQLP

exports[`getLoadedContentTranslationFiles returns translation files 1`] = `
[
  {
    "content": {
      "sidebar.docs.category.Getting started": {
        "description": "The label for category Getting started in sidebar docs",
        "message": "Getting started",
      },
      "sidebar.docs.category.Getting started.link.generated-index.description": {
        "description": "The generated-index page description for category Getting started in sidebar docs",
        "message": "Getting started index description",
      },
      "sidebar.docs.category.Getting started.link.generated-index.title": {
        "description": "The generated-index page title for category Getting started in sidebar docs",
        "message": "Getting started index title",
      },
      "sidebar.docs.link.Link label": {
        "description": "The label for link Link label in sidebar docs, linking to https://facebook.com",
        "message": "Link label",
      },
      "version.label": {
        "description": "The label for version current",
        "message": "current label",
      },
    },
    "path": "current",
  },
  {
    "content": {
      "sidebar.docs.category.Getting started": {
        "description": "The label for category Getting started in sidebar docs",
        "message": "Getting started",
      },
      "sidebar.docs.category.Getting started.link.generated-index.description": {
        "description": "The generated-index page description for category Getting started in sidebar docs",
        "message": "Getting started index description",
      },
      "sidebar.docs.category.Getting started.link.generated-index.title": {
        "description": "The generated-index page title for category Getting started in sidebar docs",
        "message": "Getting started index title",
      },
      "sidebar.docs.link.Link label": {
        "description": "The label for link Link label in sidebar docs, linking to https://facebook.com",
        "message": "Link label",
      },
      "version.label": {
        "description": "The label for version 2.0.0",
        "message": "2.0.0 label",
      },
    },
    "path": "version-2.0.0",
  },
  {
    "content": {
      "sidebar.docs.category.Getting started": {
        "description": "The label for category Getting started in sidebar docs",
        "message": "Getting started",
      },
      "sidebar.docs.category.Getting started.link.generated-index.description": {
        "description": "The generated-index page description for category Getting started in sidebar docs",
        "message": "Getting started index description",
      },
      "sidebar.docs.category.Getting started.link.generated-index.title": {
        "description": "The generated-index page title for category Getting started in sidebar docs",
        "message": "Getting started index title",
      },
      "sidebar.docs.link.Link label": {
        "description": "The label for link Link label in sidebar docs, linking to https://facebook.com",
        "message": "Link label",
      },
      "version.label": {
        "description": "The label for version 1.0.0",
        "message": "1.0.0 label",
      },
    },
    "path": "version-1.0.0",
  },
]
`;

exports[`translateLoadedContent returns translated loaded content 1`] = `
{
  "loadedVersions": [
    {
      "contentPath": "any",
      "contentPathLocalized": "any",
      "docs": [
        {
          "description": "doc1 description",
          "editUrl": "any",
          "id": "doc1",
          "lastUpdatedAt": 0,
          "lastUpdatedBy": "any",
          "next": undefined,
          "permalink": "any",
          "previous": undefined,
          "sidebar_label": "doc1 title",
          "slug": "any",
          "source": "any",
          "title": "doc1 title",
          "unversionedId": "any",
          "version": "any",
        },
        {
          "description": "doc2 description",
          "editUrl": "any",
          "id": "doc2",
          "lastUpdatedAt": 0,
          "lastUpdatedBy": "any",
          "next": undefined,
          "permalink": "any",
          "previous": undefined,
          "sidebar_label": "doc2 title",
          "slug": "any",
          "source": "any",
          "title": "doc2 title",
          "unversionedId": "any",
          "version": "any",
        },
        {
          "description": "doc3 description",
          "editUrl": "any",
          "id": "doc3",
          "lastUpdatedAt": 0,
          "lastUpdatedBy": "any",
          "next": undefined,
          "permalink": "any",
          "previous": undefined,
          "sidebar_label": "doc3 title",
          "slug": "any",
          "source": "any",
          "title": "doc3 title",
          "unversionedId": "any",
          "version": "any",
        },
        {
          "description": "doc4 description",
          "editUrl": "any",
          "id": "doc4",
          "lastUpdatedAt": 0,
          "lastUpdatedBy": "any",
          "next": undefined,
          "permalink": "any",
          "previous": undefined,
          "sidebar_label": "doc4 title",
          "slug": "any",
          "source": "any",
          "title": "doc4 title",
          "unversionedId": "any",
          "version": "any",
        },
        {
          "description": "doc5 description",
          "editUrl": "any",
          "id": "doc5",
          "lastUpdatedAt": 0,
          "lastUpdatedBy": "any",
          "next": undefined,
          "permalink": "any",
          "previous": undefined,
          "sidebar_label": "doc5 title",
          "slug": "any",
          "source": "any",
          "title": "doc5 title",
          "unversionedId": "any",
          "version": "any",
        },
      ],
      "isLast": true,
      "label": "current label (translated)",
      "mainDocId": "",
      "path": "/docs/",
      "routePriority": undefined,
      "sidebarFilePath": "any",
      "sidebars": {
        "docs": [
          {
            "collapsed": false,
            "items": [
              {
                "id": "doc1",
                "type": "doc",
              },
              {
                "id": "doc2",
                "type": "doc",
              },
              {
                "href": "https://facebook.com",
                "label": "Link label (translated)",
                "type": "link",
              },
              {
                "id": "doc1",
                "type": "ref",
              },
            ],
            "label": "Getting started (translated)",
            "link": {
              "description": "Getting started index description (translated)",
              "permalink": "/docs/category/getting-started-index-slug",
              "slug": "/category/getting-started-index-slug",
              "title": "Getting started index title (translated)",
              "type": "generated-index",
            },
            "type": "category",
          },
          {
            "id": "doc3",
            "type": "doc",
          },
        ],
        "otherSidebar": [
          {
            "id": "doc4",
            "type": "doc",
          },
          {
            "id": "doc5",
            "type": "doc",
          },
        ],
      },
      "versionName": "current",
    },
    {
      "contentPath": "any",
      "contentPathLocalized": "any",
      "docs": [
        {
          "description": "doc1 description",
          "editUrl": "any",
          "id": "doc1",
          "lastUpdatedAt": 0,
          "lastUpdatedBy": "any",
          "next": undefined,
          "permalink": "any",
          "previous": undefined,
          "sidebar_label": "doc1 title",
          "slug": "any",
          "source": "any",
          "title": "doc1 title",
          "unversionedId": "any",
          "version": "any",
        },
        {
          "description": "doc2 description",
          "editUrl": "any",
          "id": "doc2",
          "lastUpdatedAt": 0,
          "lastUpdatedBy": "any",
          "next": undefined,
          "permalink": "any",
          "previous": undefined,
          "sidebar_label": "doc2 title",
          "slug": "any",
          "source": "any",
          "title": "doc2 title",
          "unversionedId": "any",
          "version": "any",
        },
        {
          "description": "doc3 description",
          "editUrl": "any",
          "id": "doc3",
          "lastUpdatedAt": 0,
          "lastUpdatedBy": "any",
          "next": undefined,
          "permalink": "any",
          "previous": undefined,
          "sidebar_label": "doc3 title",
          "slug": "any",
          "source": "any",
          "title": "doc3 title",
          "unversionedId": "any",
          "version": "any",
        },
        {
          "description": "doc4 description",
          "editUrl": "any",
          "id": "doc4",
          "lastUpdatedAt": 0,
          "lastUpdatedBy": "any",
          "next": undefined,
          "permalink": "any",
          "previous": undefined,
          "sidebar_label": "doc4 title",
          "slug": "any",
          "source": "any",
          "title": "doc4 title",
          "unversionedId": "any",
          "version": "any",
        },
        {
          "description": "doc5 description",
          "editUrl": "any",
          "id": "doc5",
          "lastUpdatedAt": 0,
          "lastUpdatedBy": "any",
          "next": undefined,
          "permalink": "any",
          "previous": undefined,
          "sidebar_label": "doc5 title",
          "slug": "any",
          "source": "any",
          "title": "doc5 title",
          "unversionedId": "any",
          "version": "any",
        },
      ],
      "isLast": true,
      "label": "2.0.0 label (translated)",
      "mainDocId": "",
      "path": "/docs/",
      "routePriority": undefined,
      "sidebarFilePath": "any",
      "sidebars": {
        "docs": [
          {
            "collapsed": false,
            "items": [
              {
                "id": "doc1",
                "type": "doc",
              },
              {
                "id": "doc2",
                "type": "doc",
              },
              {
                "href": "https://facebook.com",
                "label": "Link label (translated)",
                "type": "link",
              },
              {
                "id": "doc1",
                "type": "ref",
              },
            ],
            "label": "Getting started (translated)",
            "link": {
              "description": "Getting started index description (translated)",
              "permalink": "/docs/category/getting-started-index-slug",
              "slug": "/category/getting-started-index-slug",
              "title": "Getting started index title (translated)",
              "type": "generated-index",
            },
            "type": "category",
          },
          {
            "id": "doc3",
            "type": "doc",
          },
        ],
        "otherSidebar": [
          {
            "id": "doc4",
            "type": "doc",
          },
          {
            "id": "doc5",
            "type": "doc",
          },
        ],
      },
      "versionName": "2.0.0",
    },
    {
      "contentPath": "any",
      "contentPathLocalized": "any",
      "docs": [
        {
          "description": "doc1 description",
          "editUrl": "any",
          "id": "doc1",
          "lastUpdatedAt": 0,
          "lastUpdatedBy": "any",
          "next": undefined,
          "permalink": "any",
          "previous": undefined,
          "sidebar_label": "doc1 title",
          "slug": "any",
          "source": "any",
          "title": "doc1 title",
          "unversionedId": "any",
          "version": "any",
        },
        {
          "description": "doc2 description",
          "editUrl": "any",
          "id": "doc2",
          "lastUpdatedAt": 0,
          "lastUpdatedBy": "any",
          "next": undefined,
          "permalink": "any",
          "previous": undefined,
          "sidebar_label": "doc2 title",
          "slug": "any",
          "source": "any",
          "title": "doc2 title",
          "unversionedId": "any",
          "version": "any",
        },
        {
          "description": "doc3 description",
          "editUrl": "any",
          "id": "doc3",
          "lastUpdatedAt": 0,
          "lastUpdatedBy": "any",
          "next": undefined,
          "permalink": "any",
          "previous": undefined,
          "sidebar_label": "doc3 title",
          "slug": "any",
          "source": "any",
          "title": "doc3 title",
          "unversionedId": "any",
          "version": "any",
        },
        {
          "description": "doc4 description",
          "editUrl": "any",
          "id": "doc4",
          "lastUpdatedAt": 0,
          "lastUpdatedBy": "any",
          "next": undefined,
          "permalink": "any",
          "previous": undefined,
          "sidebar_label": "doc4 title",
          "slug": "any",
          "source": "any",
          "title": "doc4 title",
          "unversionedId": "any",
          "version": "any",
        },
        {
          "description": "doc5 description",
          "editUrl": "any",
          "id": "doc5",
          "lastUpdatedAt": 0,
          "lastUpdatedBy": "any",
          "next": undefined,
          "permalink": "any",
          "previous": undefined,
          "sidebar_label": "doc5 title",
          "slug": "any",
          "source": "any",
          "title": "doc5 title",
          "unversionedId": "any",
          "version": "any",
        },
      ],
      "isLast": true,
      "label": "1.0.0 label (translated)",
      "mainDocId": "",
      "path": "/docs/",
      "routePriority": undefined,
      "sidebarFilePath": "any",
      "sidebars": {
        "docs": [
          {
            "collapsed": false,
            "items": [
              {
                "id": "doc1",
                "type": "doc",
              },
              {
                "id": "doc2",
                "type": "doc",
              },
              {
                "href": "https://facebook.com",
                "label": "Link label (translated)",
                "type": "link",
              },
              {
                "id": "doc1",
                "type": "ref",
              },
            ],
            "label": "Getting started (translated)",
            "link": {
              "description": "Getting started index description (translated)",
              "permalink": "/docs/category/getting-started-index-slug",
              "slug": "/category/getting-started-index-slug",
              "title": "Getting started index title (translated)",
              "type": "generated-index",
            },
            "type": "category",
          },
          {
            "id": "doc3",
            "type": "doc",
          },
        ],
        "otherSidebar": [
          {
            "id": "doc4",
            "type": "doc",
          },
          {
            "id": "doc5",
            "type": "doc",
          },
        ],
      },
      "versionName": "1.0.0",
    },
  ],
}
`;
